// Jest Snapshot v1, https://goo.gl/fbAQLP

exports[`<Recipe /> should work 1`] = `
Object {
  "asFragment": [Function],
  "baseElement": <body>
    <div>
      <div
        class="recipe"
      >
        <div
          class="imgContainer"
        >
          <h2>
            Avokado Sandwich
          </h2>
          <img
            alt="Avokado Sandwich"
            class="image"
            src="/images/avokado_big.jpg"
          />
        </div>
        <div
          class="ingrContainer"
        >
          <h3>
            Ingredients
          </h3>
          <ul
            class="ingredients"
          >
            <li>
              flour
               
              2
               
              table spoon
            </li>
            <li>
              sugar
               
              10
               
              gram
            </li>
            <li>
              milk
               
              1
               
              deciliter
            </li>
          </ul>
        </div>
        <div
          class="instrContainer"
        >
          <h3>
            Instructions
          </h3>
          <ol
            class="instructions"
          >
            <li>
              Lorem ipsum dolor sit amet, consectetur adipiscing elit. Donec blandit eu quam quis porta.
            </li>
            <li>
              Duis magna elit, sodales ut nisl et, efficitur tristique lacus.
            </li>
          </ol>
        </div>
      </div>
    </div>
  </body>,
  "container": <div>
    <div
      class="recipe"
    >
      <div
        class="imgContainer"
      >
        <h2>
          Avokado Sandwich
        </h2>
        <img
          alt="Avokado Sandwich"
          class="image"
          src="/images/avokado_big.jpg"
        />
      </div>
      <div
        class="ingrContainer"
      >
        <h3>
          Ingredients
        </h3>
        <ul
          class="ingredients"
        >
          <li>
            flour
             
            2
             
            table spoon
          </li>
          <li>
            sugar
             
            10
             
            gram
          </li>
          <li>
            milk
             
            1
             
            deciliter
          </li>
        </ul>
      </div>
      <div
        class="instrContainer"
      >
        <h3>
          Instructions
        </h3>
        <ol
          class="instructions"
        >
          <li>
            Lorem ipsum dolor sit amet, consectetur adipiscing elit. Donec blandit eu quam quis porta.
          </li>
          <li>
            Duis magna elit, sodales ut nisl et, efficitur tristique lacus.
          </li>
        </ol>
      </div>
    </div>
  </div>,
  "debug": [Function],
  "findAllByAltText": [Function],
  "findAllByDisplayValue": [Function],
  "findAllByLabelText": [Function],
  "findAllByPlaceholderText": [Function],
  "findAllByRole": [Function],
  "findAllByTestId": [Function],
  "findAllByText": [Function],
  "findAllByTitle": [Function],
  "findByAltText": [Function],
  "findByDisplayValue": [Function],
  "findByLabelText": [Function],
  "findByPlaceholderText": [Function],
  "findByRole": [Function],
  "findByTestId": [Function],
  "findByText": [Function],
  "findByTitle": [Function],
  "getAllByAltText": [Function],
  "getAllByDisplayValue": [Function],
  "getAllByLabelText": [Function],
  "getAllByPlaceholderText": [Function],
  "getAllByRole": [Function],
  "getAllByTestId": [Function],
  "getAllByText": [Function],
  "getAllByTitle": [Function],
  "getByAltText": [Function],
  "getByDisplayValue": [Function],
  "getByLabelText": [Function],
  "getByPlaceholderText": [Function],
  "getByRole": [Function],
  "getByTestId": [Function],
  "getByText": [Function],
  "getByTitle": [Function],
  "queryAllByAltText": [Function],
  "queryAllByDisplayValue": [Function],
  "queryAllByLabelText": [Function],
  "queryAllByPlaceholderText": [Function],
  "queryAllByRole": [Function],
  "queryAllByTestId": [Function],
  "queryAllByText": [Function],
  "queryAllByTitle": [Function],
  "queryByAltText": [Function],
  "queryByDisplayValue": [Function],
  "queryByLabelText": [Function],
  "queryByPlaceholderText": [Function],
  "queryByRole": [Function],
  "queryByTestId": [Function],
  "queryByText": [Function],
  "queryByTitle": [Function],
  "rerender": [Function],
  "unmount": [Function],
}
`;
